/Library/Frameworks/Python.framework/Versions/3.12/lib/python3.12/multiprocessing/resource_tracker.py:254: UserWarning: resource_tracker: There appear to be 2 leaked shared_memory objects to clean up at shutdown
  warnings.warn('resource_tracker: There appear to be %d '
/Library/Frameworks/Python.framework/Versions/3.12/lib/python3.12/multiprocessing/resource_tracker.py:267: UserWarning: resource_tracker: '/vib_detect_shm_gyro': [Errno 2] No such file or directory: '/vib_detect_shm_gyro'
  warnings.warn('resource_tracker: %r: %s' % (name, e))
/Library/Frameworks/Python.framework/Versions/3.12/lib/python3.12/multiprocessing/resource_tracker.py:267: UserWarning: resource_tracker: '/vib_detect_shm': [Errno 2] No such file or directory: '/vib_detect_shm'
  warnings.warn('resource_tracker: %r: %s' % (name, e))
))
/Library/Frameworks/Python.framework/Versions/3.12/lib/python3.12/multiprocessing/resource_tracker.py:267: UserWarning: resource_tracker: '/vib_detect_shm': [Errno 2] No such file or directory: '/vib_detect_shm'
  warnings.warn('resource_tracker: %r: %s' % (name, e))
/Library/Frameworks/Python.framework/Versions/3.12/lib/python3.12/multiprocessing/resource_tracker.py:254: UserWarning: resource_tracker: There appear to be 2 leaked shared_memory objects to clean up at shutdown
  warnings.warn('resource_tracker: There appear to be %d '
/Library/Frameworks/Python.framework/Versions/3.12/lib/python3.12/multiprocessing/resource_tracker.py:254: UserWarning: resource_tracker: There appear to be 2 leaked shared_memory objects to clean up at shutdown
  warnings.warn('resource_tracker: There appear to be %d '
/Library/Frameworks/Python.framework/Versions/3.12/lib/python3.12/multiprocessing/resource_tracker.py:254: UserWarning: resource_tracker: There appear to be 2 leaked shared_memory objects to clean up at shutdown
  warnings.warn('resource_tracker: There appear to be %d '
/Library/Frameworks/Python.framework/Versions/3.12/lib/python3.12/multiprocessing/resource_tracker.py:254: UserWarning: resource_tracker: There appear to be 2 leaked shared_memory objects to clean up at shutdown
  warnings.warn('resource_tracker: There appear to be %d '
/Library/Frameworks/Python.framework/Versions/3.12/lib/python3.12/multiprocessing/resource_tracker.py:254: UserWarning: resource_tracker: There appear to be 2 leaked shared_memory objects to clean up at shutdown
  warnings.warn('resource_tracker: There appear to be %d '
/Library/Frameworks/Python.framework/Versions/3.12/lib/python3.12/multiprocessing/resource_tracker.py:254: UserWarning: resource_tracker: There appear to be 2 leaked shared_memory objects to clean up at shutdown
  warnings.warn('resource_tracker: There appear to be %d '
/Library/Frameworks/Python.framework/Versions/3.12/lib/python3.12/multiprocessing/resource_tracker.py:254: UserWarning: resource_tracker: There appear to be 2 leaked shared_memory objects to clean up at shutdown
  warnings.warn('resource_tracker: There appear to be %d '
MacTap
------
Calibrating...
Double tap → Calculator
Press Ctrl+C to stop.

Baseline: 1.0028 g
Ready.

candidate 1 | 1.2214 g | +0.2176 g
candidate 2 | 1.1464 g | +0.1427 g
>>> 2-tap gesture
DOUBLE TAP → Running Shortcut: MacTap Action
/Library/Frameworks/Python.framework/Versions/3.12/lib/python3.12/multiprocessing/resource_tracker.py:254: UserWarning: resource_tracker: There appear to be 2 leaked shared_memory objects to clean up at shutdown
  warnings.warn('resource_tracker: There appear to be %d '
MacTap
------
Calibrating...
Double tap → Calculator
Press Ctrl+C to stop.

Baseline: 1.0029 g
Ready.

candidate 1 | 1.1336 g | +0.1303 g
candidate 2 | 1.1248 g | +0.1216 g
>>> 2-tap gesture
DOUBLE TAP → Running Shortcut: MacTap Action
candidate 1 | 1.1599 g | +0.1561 g
candidate 2 | 1.1202 g | +0.1166 g
candidate 3 | 1.0920 g | +0.0883 g
>>> 3-tap gesture
TRIPLE TAP → Playing voice
candidate 1 | 1.0974 g | +0.0941 g
candidate 2 | 1.1075 g | +0.1041 g
>>> 2-tap gesture
DOUBLE TAP → Running Shortcut: MacTap Action
candidate 1 | 1.1148 g | +0.1114 g
candidate 2 | 1.1491 g | +0.1457 g
candidate 3 | 1.1168 g | +0.1136 g
>>> 3-tap gesture
TRIPLE TAP → Playing voice
/Library/Frameworks/Python.framework/Versions/3.12/lib/python3.12/multiprocessing/resource_tracker.py:254: UserWarning: resource_tracker: There appear to be 2 leaked shared_memory objects to clean up at shutdown
  warnings.warn('resource_tracker: There appear to be %d '
MacTap
------
Calibrating...
Double tap → Calculator
Press Ctrl+C to stop.

Baseline: 1.0011 g
Ready.

candidate 1 | 1.0750 g | +0.0738 g
>>> 1-tap gesture
SINGLE TAP ACTION
candidate 1 | 1.0500 g | +0.0487 g
candidate 2 | 1.0656 g | +0.0637 g
>>> 2-tap gesture
DOUBLE TAP → Running Shortcut: MacTap Action
candidate 1 | 1.0614 g | +0.0597 g
candidate 2 | 1.0733 g | +0.0671 g
candidate 3 | 1.0774 g | +0.0779 g
>>> 3-tap gesture
TRIPLE TAP → Playing voice
/Library/Frameworks/Python.framework/Versions/3.12/lib/python3.12/multiprocessing/resource_tracker.py:254: UserWarning: resource_tracker: There appear to be 2 leaked shared_memory objects to clean up at shutdown
  warnings.warn('resource_tracker: There appear to be %d '
